// Jest Snapshot v1, https://goo.gl/fbAQLP

exports[`mapOrder should compute expected result 1`] = `
{
  "statutory_obligations": [
    {
      "permissionStatus": "have",
    },
    {
      "permissionStatus": "have",
    },
    {
      "permissionStatus": "will_have",
    },
    {
      "permissionStatus": "have",
    },
    {
      "permissionStatus": "will_have",
    },
    {
      "permissionStatus": "will_have",
    },
  ],
  "property_address": [
    {
      "propertyAddress": {
        "addressLine1": "532 West Rocky Milton Freeway",
        "addressLine2": "",
        "addressLine3": "",
        "county": "Co. Cavan",
        "postcode": "AAA 0001",
        "town": "Aut molestiae nihil",
      },
    },
    {
      "propertyAddress": {
        "addressLine1": "634 New Freeway",
        "addressLine2": "",
        "addressLine3": "",
        "county": "Co. Carlow",
        "postcode": "AAA 0002",
        "town": "Corrupti fugiat ad",
      },
    },
    {
      "propertyAddress": {
        "addressLine1": "740 Rocky Clarendon Avenue",
        "addressLine2": "",
        "addressLine3": "",
        "county": "Co. Cork",
        "postcode": "AAA 0003",
        "town": "Ut consequat Saepe ",
      },
    },
    {
      "propertyAddress": {
        "addressLine1": "84 West Rocky Oak Street",
        "addressLine2": "",
        "addressLine3": "",
        "county": "Co. Clare",
        "postcode": "AAA 0004",
        "town": "Vitae adipisci non t",
      },
    },
    {
      "propertyAddress": {
        "addressLine1": "80 Cowley Avenue",
        "addressLine2": "",
        "addressLine3": "",
        "county": "Co. Cork",
        "postcode": "AAA 0005",
        "town": "Consequatur Ut dign",
      },
    },
    {
      "propertyAddress": {
        "addressLine1": "84 Milton Road",
        "addressLine2": "",
        "addressLine3": "",
        "county": "Co. Donegal",
        "postcode": "AAA 0006",
        "town": "Reiciendis eum moles",
      },
    },
  ],
  "property_owner_details": [
    {
      "businessName": "All Human",
      "countryOfResidence": "Ireland",
      "emailAddress": "kekyzo@mailinator.com",
      "firstName": "Cruz",
      "isAddressSameAsStlProperty": false,
      "lastName": "Obrien",
      "ownerAddress": {
        "addressLine1": "653 White Hague Extension",
        "addressLine2": "",
        "addressLine3": "",
        "county": "Co. Clare",
        "postcode": "AAA 0000",
        "town": "Aut molestiae nihil ",
      },
      "telephone": "+353851231234",
    },
    {
      "businessName": "All Human",
      "countryOfResidence": "Ireland",
      "emailAddress": "pakicihi@mailinator.com",
      "firstName": "Herman",
      "isAddressSameAsStlProperty": true,
      "lastName": "Dunlap",
      "telephone": "+353851231234",
    },
    {
      "businessName": "All Human",
      "countryOfResidence": "American Samoa",
      "emailAddress": "mejeqyhal@mailinator.com",
      "firstName": "Ian",
      "isAddressSameAsStlProperty": false,
      "lastName": "Barron",
      "ownerAddress": {
        "addressLine1": "Samoa West Avenue",
        "addressLine2": "",
        "addressLine3": "",
        "county": "Maoputasi County",
        "postcode": "ZIP 0000",
        "town": "Pago Pago",
      },
      "telephone": "+353851231234",
    },
    {
      "businessName": "All Human",
      "countryOfResidence": "Ireland",
      "emailAddress": "nove@mailinator.com",
      "firstName": "Minerva",
      "isAddressSameAsStlProperty": true,
      "lastName": "Newman",
      "telephone": "+353851231234",
    },
    {
      "businessName": "All Human",
      "countryOfResidence": "Ireland",
      "emailAddress": "vowuraqozo@mailinator.com",
      "firstName": "Blake",
      "isAddressSameAsStlProperty": true,
      "lastName": "Meadows",
      "telephone": "+353851231234",
    },
    {
      "businessName": "All Human",
      "countryOfResidence": "Ireland",
      "emailAddress": "raleso@mailinator.com",
      "firstName": "Isabella",
      "isAddressSameAsStlProperty": true,
      "lastName": "Hanson",
      "telephone": "+353851231234",
    },
  ],
  "property_type": [
    {
      "category": "room",
      "room": {
        "numberOfGuestsInPrivateRooms": 1,
        "numberOfGuestsInSharedRooms": 1,
        "numberOfPrivateRooms": 1,
        "numberOfSharedRooms": 1,
        "propertyType": "House",
      },
    },
    {
      "category": "fullProperty",
      "fullProperty": {
        "numberOfBedrooms": 1,
        "numberOfGuests": 1,
        "propertyType": "Apartment / Flat",
      },
    },
    {
      "category": "units",
      "units": [
        {
          "noOfGuests": 1,
          "propertyType": "Hostel",
        },
      ],
    },
    {
      "category": "room",
      "room": {
        "customPropertyType": "Room Special",
        "numberOfGuestsInPrivateRooms": 1,
        "numberOfGuestsInSharedRooms": 1,
        "numberOfPrivateRooms": 1,
        "numberOfSharedRooms": 1,
        "propertyType": "Other - specify",
      },
    },
    {
      "category": "fullProperty",
      "fullProperty": {
        "customPropertyType": "Entire prop Special",
        "numberOfBedrooms": 1,
        "numberOfGuests": 1,
        "propertyType": "Other - specify",
      },
    },
    {
      "category": "units",
      "units": [
        {
          "noOfGuests": 2,
          "noOfRooms": 1,
          "propertyType": "Activity or adventure centre",
        },
        {
          "noOfGuests": 2,
          "propertyType": "Hostel",
        },
        {
          "noOfGuests": 2,
          "noOfOwnDoorUnits": 1,
          "propertyType": "Apartments - student accommodation",
        },
        {
          "customPropertyType": "Multiple Other Special",
          "noOfGuests": 2,
          "number": 1,
          "propertyType": "Other - specify",
        },
      ],
    },
  ],
}
`;
